{"data":{"reportData":{"report":{"masterData":{"actors":[{"id":-1,"gameID":0,"name":"Environment","server":null,"type":"NPC","subType":"NPC"},{"id":1,"gameID":177307533,"name":"Sevirusmage","server":"TarrenMill","type":"Player","subType":"Mage"},{"id":2,"gameID":175640470,"name":"Kaligylas","server":"TarrenMill","type":"Player","subType":"Warlock"},{"id":3,"gameID":59830711,"name":"Erakgozin","server":null,"type":"Pet","subType":"Pet"},{"id":4,"gameID":179365183,"name":"Demikill","server":"TarrenMill","type":"Player","subType":"Warrior"},{"id":5,"gameID":143622,"name":"Wild Imp","server":null,"type":"Pet","subType":"Pet"},{"id":6,"gameID":208445,"name":"Larodar, Keeper of the Flame","server":null,"type":"NPC","subType":"Boss"},{"id":7,"gameID":211268,"name":"Ivy","server":null,"type":"NPC","subType":"NPC"},{"id":8,"gameID":210690,"name":"Seed of Life","server":null,"type":"NPC","subType":"NPC"},{"id":9,"gameID":166410255,"name":"Mavochka","server":"TarrenMill","type":"Player","subType":"Shaman"},{"id":10,"gameID":97285,"name":"Wind Rush Totem","server":null,"type":"Pet","subType":"Pet"},{"id":11,"gameID":194108,"name":"Kip","server":null,"type":"Pet","subType":"Pet"},{"id":12,"gameID":303147,"name":"Summoning Portal","server":null,"type":"Pet","subType":"Pet"},{"id":13,"gameID":175615380,"name":"Chyzh","server":"TarrenMill","type":"Player","subType":"Monk"},{"id":14,"gameID":163918436,"name":"Fàrkas","server":"TarrenMill","type":"Player","subType":"Paladin"},{"id":15,"gameID":178268807,"name":"Roolla","server":"TarrenMill","type":"Player","subType":"Druid"},{"id":16,"gameID":173260292,"name":"Bõrko","server":"TarrenMill","type":"Player","subType":"Monk"},{"id":17,"gameID":210150,"name":"Flametouched Enforcer","server":null,"type":"NPC","subType":"NPC"},{"id":18,"gameID":210147,"name":"Harbinger of Incineration","server":null,"type":"NPC","subType":"NPC"},{"id":19,"gameID":60849,"name":"Jade Serpent Statue","server":null,"type":"Pet","subType":"Pet"},{"id":20,"gameID":157027852,"name":"Kassiya","server":"TarrenMill","type":"Player","subType":"DemonHunter"},{"id":21,"gameID":55659,"name":"Wild Imp","server":null,"type":"Pet","subType":"Pet"},{"id":22,"gameID":98035,"name":"Dreadstalker","server":null,"type":"Pet","subType":"Pet"},{"id":23,"gameID":98035,"name":"Dreadstalker","server":null,"type":"Pet","subType":"Pet"},{"id":24,"gameID":3527,"name":"Healing Stream Totem","server":null,"type":"Pet","subType":"Pet"},{"id":25,"gameID":198489,"name":"Denizen of the Dream","server":null,"type":"Pet","subType":"Pet"},{"id":26,"gameID":61319,"name":"Beetle","server":null,"type":"NPC","subType":"NPC"},{"id":27,"gameID":189361,"name":"Lava Pincer","server":null,"type":"NPC","subType":"NPC"},{"id":28,"gameID":179082952,"name":"Amarrok","server":"TarrenMill","type":"Player","subType":"Druid"},{"id":29,"gameID":210293,"name":"Firelands Destroyer","server":null,"type":"NPC","subType":"NPC"},{"id":30,"gameID":180275523,"name":"Famousonion","server":"TarrenMill","type":"Player","subType":"Warlock"},{"id":31,"gameID":143622,"name":"Wild Imp","server":null,"type":"Pet","subType":"Pet"},{"id":32,"gameID":54983,"name":"Treant","server":null,"type":"Pet","subType":"Pet"},{"id":33,"gameID":54983,"name":"Treant","server":null,"type":"Pet","subType":"Pet"},{"id":34,"gameID":47649,"name":"Efflorescence","server":null,"type":"Pet","subType":"Pet"},{"id":35,"gameID":177654722,"name":"Shadowenigma","server":"TarrenMill","type":"Player","subType":"DeathKnight"},{"id":36,"gameID":59764,"name":"Healing Tide Totem","server":null,"type":"Pet","subType":"Pet"},{"id":37,"gameID":208887,"name":"Future Self","server":null,"type":"Pet","subType":"Pet"},{"id":38,"gameID":62425888,"name":"Kiz-tarash","server":null,"type":"Pet","subType":"Pet"},{"id":39,"gameID":165374,"name":"Yu'lon","server":null,"type":"Pet","subType":"Pet"},{"id":40,"gameID":60649266,"name":"Batstealer","server":null,"type":"Pet","subType":"Pet"},{"id":41,"gameID":55659,"name":"Wild Imp","server":null,"type":"Pet","subType":"Pet"},{"id":42,"gameID":98035,"name":"Dreadstalker","server":null,"type":"Pet","subType":"Pet"},{"id":43,"gameID":17252,"name":"Felguard","server":null,"type":"Pet","subType":"Pet"},{"id":44,"gameID":212590,"name":"Treant Seedling","server":null,"type":"Pet","subType":"Pet"},{"id":45,"gameID":135002,"name":"Demonic Tyrant","server":null,"type":"Pet","subType":"Pet"},{"id":46,"gameID":100943,"name":"Earthen Wall Totem","server":null,"type":"Pet","subType":"Pet"},{"id":47,"gameID":179036179,"name":"Ksanders","server":"TarrenMill","type":"Player","subType":"DemonHunter"},{"id":48,"gameID":177041097,"name":"Uawoman","server":"TarrenMill","type":"Player","subType":"Evoker"},{"id":49,"gameID":210910,"name":"Doomfiend","server":null,"type":"Pet","subType":"Pet"},{"id":50,"gameID":210910,"name":"Doomfiend","server":null,"type":"Pet","subType":"Pet"},{"id":51,"gameID":63508,"name":"Xuen","server":null,"type":"Pet","subType":"Pet"},{"id":52,"gameID":174239492,"name":"Uaman","server":"TarrenMill","type":"Player","subType":"Druid"},{"id":53,"gameID":191605,"name":"Master of Might","server":null,"type":"Pet","subType":"Pet"},{"id":54,"gameID":210290,"name":"Firelands Flameguard","server":null,"type":"NPC","subType":"NPC"},{"id":55,"gameID":210295,"name":"Flamewaker Infernoguard","server":null,"type":"NPC","subType":"NPC"},{"id":56,"gameID":212590,"name":"Treant Seedling","server":null,"type":"Pet","subType":"Pet"},{"id":57,"gameID":194108,"name":"Kip","server":null,"type":"Pet","subType":"Pet"},{"id":58,"gameID":378899,"name":"Grand Banquet of the Kalu'ak","server":null,"type":"Pet","subType":"Pet"},{"id":59,"gameID":303147,"name":"Summoning Portal","server":null,"type":"Pet","subType":"Pet"},{"id":60,"gameID":303148,"name":"Soulwell","server":null,"type":"Pet","subType":"Pet"},{"id":61,"gameID":178604545,"name":"Emerstorm","server":"TarrenMill","type":"Player","subType":"Shaman"},{"id":62,"gameID":303148,"name":"Soulwell","server":null,"type":"Pet","subType":"Pet"},{"id":63,"gameID":177055474,"name":"Lovecrit","server":"TarrenMill","type":"Player","subType":"Hunter"},{"id":64,"gameID":177845488,"name":"Dampier","server":"TarrenMill","type":"Player","subType":"Druid"},{"id":65,"gameID":166450323,"name":"Ozrell","server":"TarrenMill","type":"Player","subType":"DeathKnight"},{"id":66,"gameID":179102682,"name":"Chiell","server":"TarrenMill","type":"Player","subType":"Warrior"},{"id":67,"gameID":191083,"name":"Spider Eggs","server":null,"type":"Pet","subType":"Pet"},{"id":68,"gameID":6112,"name":"Windfury Totem","server":null,"type":"Pet","subType":"Pet"},{"id":69,"gameID":196581,"name":"White Tiger Statue","server":null,"type":"Pet","subType":"Pet"},{"id":70,"gameID":212489,"name":"Spirit Wolf","server":null,"type":"Pet","subType":"Pet"},{"id":71,"gameID":62167482,"name":"Sul'raka","server":null,"type":"Pet","subType":"Pet"},{"id":72,"gameID":62168003,"name":"Sul'raka","server":null,"type":"Pet","subType":"Pet"},{"id":73,"gameID":100820,"name":"Spirit Wolf","server":null,"type":"Pet","subType":"Pet"},{"id":74,"gameID":17252,"name":"Felguard","server":null,"type":"Pet","subType":"Pet"},{"id":75,"gameID":62430752,"name":"Tsulong","server":null,"type":"Pet","subType":"Pet"},{"id":76,"gameID":61131776,"name":"Wolf","server":null,"type":"Pet","subType":"Pet"},{"id":77,"gameID":163366,"name":"Magus of the Dead","server":null,"type":"Pet","subType":"Pet"},{"id":78,"gameID":26125,"name":"Risen Ghoul","server":null,"type":"Pet","subType":"Pet"},{"id":79,"gameID":24207,"name":"Army of the Dead","server":null,"type":"Pet","subType":"Pet"},{"id":80,"gameID":110063,"name":"Beast","server":null,"type":"Pet","subType":"Pet"},{"id":81,"gameID":208887,"name":"Future Self","server":null,"type":"Pet","subType":"Pet"},{"id":82,"gameID":27829,"name":"Ebon Gargoyle","server":null,"type":"Pet","subType":"Pet"},{"id":83,"gameID":208459,"name":"Fiery Treant","server":null,"type":"NPC","subType":"NPC"},{"id":84,"gameID":208459,"name":"Fiery Treant","server":null,"type":"NPC","subType":"NPC"},{"id":85,"gameID":135002,"name":"Demonic Tyrant","server":null,"type":"Pet","subType":"Pet"},{"id":86,"gameID":208957,"name":"Future Self","server":null,"type":"Pet","subType":"Pet"},{"id":87,"gameID":189161,"name":"Dream Sprout","server":null,"type":"Pet","subType":"Pet"},{"id":88,"gameID":198489,"name":"Denizen of the Dream","server":null,"type":"Pet","subType":"Pet"},{"id":89,"gameID":10467,"name":"Mana Tide Totem","server":null,"type":"Pet","subType":"Pet"},{"id":90,"gameID":208461,"name":"Scorching Roots","server":null,"type":"NPC","subType":"NPC"},{"id":91,"gameID":208461,"name":"Scorching Roots","server":null,"type":"NPC","subType":"NPC"},{"id":92,"gameID":53006,"name":"Spirit Link Totem","server":null,"type":"Pet","subType":"Pet"},{"id":93,"gameID":31216,"name":"Mirror Image","server":null,"type":"Pet","subType":"Pet"},{"id":94,"gameID":100995,"name":"Auto-Hammer","server":null,"type":"Pet","subType":"Pet"},{"id":95,"gameID":61245,"name":"Capacitor Totem","server":null,"type":"Pet","subType":"Pet"},{"id":96,"gameID":57013192,"name":"Beetlemonger","server":null,"type":"Pet","subType":"Pet"},{"id":97,"gameID":163366,"name":"Magus of the Dead","server":null,"type":"Pet","subType":"Pet"},{"id":98,"gameID":24207,"name":"Army of the Dead","server":null,"type":"Pet","subType":"Pet"},{"id":99,"gameID":208887,"name":"Future Self","server":null,"type":"Pet","subType":"Pet"},{"id":100,"gameID":27829,"name":"Ebon Gargoyle","server":null,"type":"Pet","subType":"Pet"},{"id":101,"gameID":78001,"name":"Cloudburst Totem","server":null,"type":"Pet","subType":"Pet"},{"id":102,"gameID":100995,"name":"Auto-Hammer","server":null,"type":"Pet","subType":"Pet"},{"id":103,"gameID":54569,"name":"Transcendence Spirit","server":null,"type":"Pet","subType":"Pet"}]},"zone":{"id":35,"name":"Amirdrassil, the Dream's Hope"},"startTime":1705254491026,"endTime":1705260863362,"fights":[{"encounterID":2731,"difficulty":5,"id":6,"kill":false,"startTime":1201042,"endTime":1456800,"friendlyPlayers":[14,13,28,61,9,48,52,15,64,2,4,20,35,66,16,65,47,1,30,63],"name":"Larodar, Keeper of the Flame","gameZone":{"id":2549,"name":"Amirdrassil, the Dream's Hope"}},{"encounterID":2731,"difficulty":5,"id":7,"kill":false,"startTime":1649790,"endTime":1939285,"friendlyPlayers":[14,13,28,61,9,48,52,15,64,2,4,20,35,66,16,65,47,1,30,63],"name":"Larodar, Keeper of the Flame","gameZone":{"id":2549,"name":"Amirdrassil, the Dream's Hope"}},{"encounterID":2731,"difficulty":5,"id":8,"kill":false,"startTime":2131394,"endTime":2186068,"friendlyPlayers":[14,13,28,61,9,48,52,15,64,2,4,20,35,66,16,65,47,1,30,63],"name":"Larodar, Keeper of the Flame","gameZone":{"id":2549,"name":"Amirdrassil, the Dream's Hope"}},{"encounterID":2731,"difficulty":5,"id":9,"kill":false,"startTime":2300425,"endTime":2388741,"friendlyPlayers":[14,13,28,61,9,48,52,15,64,2,4,20,35,66,16,65,47,1,30,63],"name":"Larodar, Keeper of the Flame","gameZone":{"id":2549,"name":"Amirdrassil, the Dream's Hope"}},{"encounterID":2731,"difficulty":5,"id":10,"kill":false,"startTime":2531640,"endTime":2735168,"friendlyPlayers":[14,13,28,61,9,48,52,15,64,2,4,20,35,66,16,65,47,1,30,63],"name":"Larodar, Keeper of the Flame","gameZone":{"id":2549,"name":"Amirdrassil, the Dream's Hope"}},{"encounterID":2731,"difficulty":5,"id":13,"kill":false,"startTime":3033762,"endTime":3130168,"friendlyPlayers":[14,13,28,61,9,48,52,15,64,2,4,20,35,66,16,65,47,1,30,63],"name":"Larodar, Keeper of the Flame","gameZone":{"id":2549,"name":"Amirdrassil, the Dream's Hope"}},{"encounterID":2731,"difficulty":5,"id":14,"kill":false,"startTime":3233205,"endTime":3496272,"friendlyPlayers":[14,13,28,61,9,48,52,15,64,2,4,20,35,66,16,65,47,1,30,63],"name":"Larodar, Keeper of the Flame","gameZone":{"id":2549,"name":"Amirdrassil, the Dream's Hope"}},{"encounterID":2731,"difficulty":5,"id":15,"kill":false,"startTime":3683661,"endTime":3741842,"friendlyPlayers":[14,13,28,61,9,48,52,15,64,2,4,20,35,66,16,65,47,1,30,63],"name":"Larodar, Keeper of the Flame","gameZone":{"id":2549,"name":"Amirdrassil, the Dream's Hope"}},{"encounterID":2731,"difficulty":5,"id":16,"kill":false,"startTime":3903773,"endTime":4206376,"friendlyPlayers":[14,13,28,61,9,48,52,15,64,2,4,20,35,66,16,65,47,1,30,63],"name":"Larodar, Keeper of the Flame","gameZone":{"id":2549,"name":"Amirdrassil, the Dream's Hope"}},{"encounterID":2731,"difficulty":5,"id":17,"kill":false,"startTime":4376401,"endTime":4551824,"friendlyPlayers":[14,13,28,61,9,48,52,15,64,2,4,20,35,66,16,65,47,1,30,63],"name":"Larodar, Keeper of the Flame","gameZone":{"id":2549,"name":"Amirdrassil, the Dream's Hope"}},{"encounterID":2731,"difficulty":5,"id":20,"kill":false,"startTime":4749403,"endTime":5067282,"friendlyPlayers":[14,13,28,61,9,48,52,15,64,2,4,20,35,66,16,65,47,1,30,63],"name":"Larodar, Keeper of the Flame","gameZone":{"id":2549,"name":"Amirdrassil, the Dream's Hope"}},{"encounterID":2731,"difficulty":5,"id":21,"kill":false,"startTime":5264737,"endTime":5428236,"friendlyPlayers":[14,13,28,61,9,48,52,15,64,2,4,20,35,66,16,65,47,1,30,63],"name":"Larodar, Keeper of the Flame","gameZone":{"id":2549,"name":"Amirdrassil, the Dream's Hope"}},{"encounterID":2731,"difficulty":5,"id":22,"kill":false,"startTime":5545245,"endTime":5848362,"friendlyPlayers":[14,13,28,61,9,48,52,15,64,2,4,20,35,66,16,65,47,1,30,63],"name":"Larodar, Keeper of the Flame","gameZone":{"id":2549,"name":"Amirdrassil, the Dream's Hope"}},{"encounterID":2731,"difficulty":5,"id":23,"kill":false,"startTime":6087586,"endTime":6151913,"friendlyPlayers":[14,13,28,61,9,48,52,15,64,2,4,20,35,66,16,65,47,1,30,63],"name":"Larodar, Keeper of the Flame","gameZone":{"id":2549,"name":"Amirdrassil, the Dream's Hope"}}],"rankedCharacters":null}}}}